
> polancowatch-web@0.0.0 build
> tsc -b && vite build

src/pages/WebMonitors.tsx(16,29): error TS1484: 'WebMonitor' is a type and must be imported using a type-only import when 'verbatimModuleSyntax' is enabled.
src/pages/WebMonitors.tsx(16,41): error TS1484: 'WebCheck' is a type and must be imported using a type-only import when 'verbatimModuleSyntax' is enabled.
src/pages/WebMonitors.tsx(35,12): error TS6133: 'isLoading' is declared but its value is never read.
src/pages/WebMonitors.tsx(35,23): error TS6133: 'setIsLoading' is declared but its value is never read.
